[INFO] Scanning for projects...
[INFO] 
[INFO] ------------------------< com.careway:backend >-------------------------
[INFO] Building  0.0.1-SNAPSHOT
[INFO]   from pom.xml
[INFO] --------------------------------[ jar ]---------------------------------
[INFO] 
[INFO] --- clean:3.5.0:clean (default-clean) @ backend ---
[INFO] Deleting C:\Users\user\Downloads\BackendCareWay\target
[INFO] 
[INFO] --- resources:3.3.1:resources (default-resources) @ backend ---
[INFO] Copying 1 resource from src\main\resources to target\classes
[INFO] Copying 1 resource from src\main\resources to target\classes
[INFO] 
[INFO] --- compiler:3.14.1:compile (default-compile) @ backend ---
[INFO] Recompiling the module because of changed source code.
[INFO] Compiling 48 source files with javac [debug parameters release 21] to target\classes
[INFO] -------------------------------------------------------------
[WARNING] COMPILATION WARNING : 
[INFO] -------------------------------------------------------------
[WARNING] /C:/Users/user/Downloads/BackendCareWay/src/main/java/com/careway/entity/Evaluation.java:[24,5] @NonNull is meaningless on a primitive.
[WARNING] /C:/Users/user/Downloads/BackendCareWay/src/main/java/com/careway/entity/Evaluation.java:[15,9] @NonNull is meaningless on a primitive.
[WARNING] /C:/Users/user/Downloads/BackendCareWay/src/main/java/com/careway/entity/Evaluation.java:[15,36] @NonNull is meaningless on a primitive.
[WARNING] /C:/Users/user/Downloads/BackendCareWay/src/main/java/com/careway/entity/Remboursement.java:[27,5] @NonNull is meaningless on a primitive.
[WARNING] /C:/Users/user/Downloads/BackendCareWay/src/main/java/com/careway/entity/Remboursement.java:[31,5] @NonNull is meaningless on a primitive.
[WARNING] /C:/Users/user/Downloads/BackendCareWay/src/main/java/com/careway/entity/Remboursement.java:[17,9] @NonNull is meaningless on a primitive.
[WARNING] /C:/Users/user/Downloads/BackendCareWay/src/main/java/com/careway/entity/Remboursement.java:[17,9] @NonNull is meaningless on a primitive.
[WARNING] /C:/Users/user/Downloads/BackendCareWay/src/main/java/com/careway/entity/Remboursement.java:[17,36] @NonNull is meaningless on a primitive.
[WARNING] /C:/Users/user/Downloads/BackendCareWay/src/main/java/com/careway/entity/Remboursement.java:[17,36] @NonNull is meaningless on a primitive.
[INFO] 9 warnings 
[INFO] -------------------------------------------------------------
[INFO] -------------------------------------------------------------
[ERROR] COMPILATION ERROR : 
[INFO] -------------------------------------------------------------
[ERROR] /C:/Users/user/Downloads/BackendCareWay/src/main/java/com/careway/service/PrescriptionService.java:[41,45] cannot find symbol
  symbol:   method getDate()
  location: variable prescriptionDTO of type com.careway.dto.PrescriptionDTO
[ERROR] /C:/Users/user/Downloads/BackendCareWay/src/main/java/com/careway/service/PrescriptionService.java:[42,54] cannot find symbol
  symbol:   method getTransportType()
  location: variable prescriptionDTO of type com.careway.dto.PrescriptionDTO
[ERROR] /C:/Users/user/Downloads/BackendCareWay/src/main/java/com/careway/service/PrescriptionService.java:[43,47] cannot find symbol
  symbol:   method getStatus()
  location: variable prescriptionDTO of type com.careway.dto.PrescriptionDTO
[ERROR] /C:/Users/user/Downloads/BackendCareWay/src/main/java/com/careway/service/PrescriptionService.java:[44,46] cannot find symbol
  symbol:   method getNotes()
  location: variable prescriptionDTO of type com.careway.dto.PrescriptionDTO
[ERROR] /C:/Users/user/Downloads/BackendCareWay/src/main/java/com/careway/service/PrescriptionService.java:[55,31] cannot find symbol
  symbol:   method getId()
  location: variable prescription of type com.careway.entity.Prescription
[ERROR] /C:/Users/user/Downloads/BackendCareWay/src/main/java/com/careway/service/PrescriptionService.java:[56,38] cannot find symbol
  symbol:   method getPatientId()
  location: variable prescription of type com.careway.entity.Prescription
[ERROR] /C:/Users/user/Downloads/BackendCareWay/src/main/java/com/careway/service/PrescriptionService.java:[57,33] cannot find symbol
  symbol:   method getDate()
  location: variable prescription of type com.careway.entity.Prescription
[ERROR] /C:/Users/user/Downloads/BackendCareWay/src/main/java/com/careway/service/PrescriptionService.java:[58,42] cannot find symbol
  symbol:   method getTransportType()
  location: variable prescription of type com.careway.entity.Prescription
[ERROR] /C:/Users/user/Downloads/BackendCareWay/src/main/java/com/careway/service/PrescriptionService.java:[59,35] cannot find symbol
  symbol:   method getStatus()
  location: variable prescription of type com.careway.entity.Prescription
[ERROR] /C:/Users/user/Downloads/BackendCareWay/src/main/java/com/careway/service/PrescriptionService.java:[60,34] cannot find symbol
  symbol:   method getNotes()
  location: variable prescription of type com.careway.entity.Prescription
[ERROR] /C:/Users/user/Downloads/BackendCareWay/src/main/java/com/careway/service/PrescriptionService.java:[66,38] cannot find symbol
  symbol:   method getPatientId()
  location: variable dto of type com.careway.dto.PrescriptionDTO
[ERROR] /C:/Users/user/Downloads/BackendCareWay/src/main/java/com/careway/service/PrescriptionService.java:[67,33] cannot find symbol
  symbol:   method getDate()
  location: variable dto of type com.careway.dto.PrescriptionDTO
[ERROR] /C:/Users/user/Downloads/BackendCareWay/src/main/java/com/careway/service/PrescriptionService.java:[68,42] cannot find symbol
  symbol:   method getTransportType()
  location: variable dto of type com.careway.dto.PrescriptionDTO
[ERROR] /C:/Users/user/Downloads/BackendCareWay/src/main/java/com/careway/service/PrescriptionService.java:[69,35] cannot find symbol
  symbol:   method getStatus()
  location: variable dto of type com.careway.dto.PrescriptionDTO
[ERROR] /C:/Users/user/Downloads/BackendCareWay/src/main/java/com/careway/service/PrescriptionService.java:[70,34] cannot find symbol
  symbol:   method getNotes()
  location: variable dto of type com.careway.dto.PrescriptionDTO
[ERROR] /C:/Users/user/Downloads/BackendCareWay/src/main/java/com/careway/service/TransportService.java:[41,18] cannot find symbol
  symbol:   method setTransportType(java.lang.String)
  location: variable transport of type com.careway.entity.Transport
[ERROR] /C:/Users/user/Downloads/BackendCareWay/src/main/java/com/careway/service/TransportService.java:[42,18] cannot find symbol
  symbol:   method setDriver(java.lang.String)
  location: variable transport of type com.careway.entity.Transport
[ERROR] /C:/Users/user/Downloads/BackendCareWay/src/main/java/com/careway/service/TransportService.java:[43,18] cannot find symbol
  symbol:   method setVehicle(java.lang.String)
  location: variable transport of type com.careway.entity.Transport
[ERROR] /C:/Users/user/Downloads/BackendCareWay/src/main/java/com/careway/service/TransportService.java:[44,18] cannot find symbol
  symbol:   method setPhone(java.lang.String)
  location: variable transport of type com.careway.entity.Transport
[ERROR] /C:/Users/user/Downloads/BackendCareWay/src/main/java/com/careway/service/TransportService.java:[45,18] cannot find symbol
  symbol:   method setStatus(java.lang.String)
  location: variable transport of type com.careway.entity.Transport
[ERROR] /C:/Users/user/Downloads/BackendCareWay/src/main/java/com/careway/service/TransportService.java:[56,28] cannot find symbol
  symbol:   method getId()
  location: variable transport of type com.careway.entity.Transport
[ERROR] /C:/Users/user/Downloads/BackendCareWay/src/main/java/com/careway/service/TransportService.java:[57,39] cannot find symbol
  symbol:   method getTransportType()
  location: variable transport of type com.careway.entity.Transport
[ERROR] /C:/Users/user/Downloads/BackendCareWay/src/main/java/com/careway/service/TransportService.java:[58,32] cannot find symbol
  symbol:   method getDriver()
  location: variable transport of type com.careway.entity.Transport
[ERROR] /C:/Users/user/Downloads/BackendCareWay/src/main/java/com/careway/service/TransportService.java:[59,33] cannot find symbol
  symbol:   method getVehicle()
  location: variable transport of type com.careway.entity.Transport
[ERROR] /C:/Users/user/Downloads/BackendCareWay/src/main/java/com/careway/service/TransportService.java:[60,31] cannot find symbol
  symbol:   method getPhone()
  location: variable transport of type com.careway.entity.Transport
[ERROR] /C:/Users/user/Downloads/BackendCareWay/src/main/java/com/careway/service/TransportService.java:[61,32] cannot find symbol
  symbol:   method getStatus()
  location: variable transport of type com.careway.entity.Transport
[ERROR] /C:/Users/user/Downloads/BackendCareWay/src/main/java/com/careway/service/TransportService.java:[67,18] cannot find symbol
  symbol:   method setTransportType(java.lang.String)
  location: variable transport of type com.careway.entity.Transport
[ERROR] /C:/Users/user/Downloads/BackendCareWay/src/main/java/com/careway/service/TransportService.java:[68,18] cannot find symbol
  symbol:   method setDriver(java.lang.String)
  location: variable transport of type com.careway.entity.Transport
[ERROR] /C:/Users/user/Downloads/BackendCareWay/src/main/java/com/careway/service/TransportService.java:[69,18] cannot find symbol
  symbol:   method setVehicle(java.lang.String)
  location: variable transport of type com.careway.entity.Transport
[ERROR] /C:/Users/user/Downloads/BackendCareWay/src/main/java/com/careway/service/TransportService.java:[70,18] cannot find symbol
  symbol:   method setPhone(java.lang.String)
  location: variable transport of type com.careway.entity.Transport
[ERROR] /C:/Users/user/Downloads/BackendCareWay/src/main/java/com/careway/service/TransportService.java:[71,18] cannot find symbol
  symbol:   method setStatus(java.lang.String)
  location: variable transport of type com.careway.entity.Transport
[INFO] 31 errors 
[INFO] -------------------------------------------------------------
[INFO] ------------------------------------------------------------------------
[INFO] BUILD FAILURE
[INFO] ------------------------------------------------------------------------
[INFO] Total time:  6.785 s
[INFO] Finished at: 2026-03-30T19:40:30+02:00
[INFO] ------------------------------------------------------------------------
[ERROR] Failed to execute goal org.apache.maven.plugins:maven-compiler-plugin:3.14.1:compile (default-compile) on project backend: Compilation failure: Compilation failure: 
[ERROR] /C:/Users/user/Downloads/BackendCareWay/src/main/java/com/careway/service/PrescriptionService.java:[41,45] cannot find symbol
[ERROR]   symbol:   method getDate()
[ERROR]   location: variable prescriptionDTO of type com.careway.dto.PrescriptionDTO
[ERROR] /C:/Users/user/Downloads/BackendCareWay/src/main/java/com/careway/service/PrescriptionService.java:[42,54] cannot find symbol
[ERROR]   symbol:   method getTransportType()
[ERROR]   location: variable prescriptionDTO of type com.careway.dto.PrescriptionDTO
[ERROR] /C:/Users/user/Downloads/BackendCareWay/src/main/java/com/careway/service/PrescriptionService.java:[43,47] cannot find symbol
[ERROR]   symbol:   method getStatus()
[ERROR]   location: variable prescriptionDTO of type com.careway.dto.PrescriptionDTO
[ERROR] /C:/Users/user/Downloads/BackendCareWay/src/main/java/com/careway/service/PrescriptionService.java:[44,46] cannot find symbol
[ERROR]   symbol:   method getNotes()
[ERROR]   location: variable prescriptionDTO of type com.careway.dto.PrescriptionDTO
[ERROR] /C:/Users/user/Downloads/BackendCareWay/src/main/java/com/careway/service/PrescriptionService.java:[55,31] cannot find symbol
[ERROR]   symbol:   method getId()
[ERROR]   location: variable prescription of type com.careway.entity.Prescription
[ERROR] /C:/Users/user/Downloads/BackendCareWay/src/main/java/com/careway/service/PrescriptionService.java:[56,38] cannot find symbol
[ERROR]   symbol:   method getPatientId()
[ERROR]   location: variable prescription of type com.careway.entity.Prescription
[ERROR] /C:/Users/user/Downloads/BackendCareWay/src/main/java/com/careway/service/PrescriptionService.java:[57,33] cannot find symbol
[ERROR]   symbol:   method getDate()
[ERROR]   location: variable prescription of type com.careway.entity.Prescription
[ERROR] /C:/Users/user/Downloads/BackendCareWay/src/main/java/com/careway/service/PrescriptionService.java:[58,42] cannot find symbol
[ERROR]   symbol:   method getTransportType()
[ERROR]   location: variable prescription of type com.careway.entity.Prescription
[ERROR] /C:/Users/user/Downloads/BackendCareWay/src/main/java/com/careway/service/PrescriptionService.java:[59,35] cannot find symbol
[ERROR]   symbol:   method getStatus()
[ERROR]   location: variable prescription of type com.careway.entity.Prescription
[ERROR] /C:/Users/user/Downloads/BackendCareWay/src/main/java/com/careway/service/PrescriptionService.java:[60,34] cannot find symbol
[ERROR]   symbol:   method getNotes()
[ERROR]   location: variable prescription of type com.careway.entity.Prescription
[ERROR] /C:/Users/user/Downloads/BackendCareWay/src/main/java/com/careway/service/PrescriptionService.java:[66,38] cannot find symbol
[ERROR]   symbol:   method getPatientId()
[ERROR]   location: variable dto of type com.careway.dto.PrescriptionDTO
[ERROR] /C:/Users/user/Downloads/BackendCareWay/src/main/java/com/careway/service/PrescriptionService.java:[67,33] cannot find symbol
[ERROR]   symbol:   method getDate()
[ERROR]   location: variable dto of type com.careway.dto.PrescriptionDTO
[ERROR] /C:/Users/user/Downloads/BackendCareWay/src/main/java/com/careway/service/PrescriptionService.java:[68,42] cannot find symbol
[ERROR]   symbol:   method getTransportType()
[ERROR]   location: variable dto of type com.careway.dto.PrescriptionDTO
[ERROR] /C:/Users/user/Downloads/BackendCareWay/src/main/java/com/careway/service/PrescriptionService.java:[69,35] cannot find symbol
[ERROR]   symbol:   method getStatus()
[ERROR]   location: variable dto of type com.careway.dto.PrescriptionDTO
[ERROR] /C:/Users/user/Downloads/BackendCareWay/src/main/java/com/careway/service/PrescriptionService.java:[70,34] cannot find symbol
[ERROR]   symbol:   method getNotes()
[ERROR]   location: variable dto of type com.careway.dto.PrescriptionDTO
[ERROR] /C:/Users/user/Downloads/BackendCareWay/src/main/java/com/careway/service/TransportService.java:[41,18] cannot find symbol
[ERROR]   symbol:   method setTransportType(java.lang.String)
[ERROR]   location: variable transport of type com.careway.entity.Transport
[ERROR] /C:/Users/user/Downloads/BackendCareWay/src/main/java/com/careway/service/TransportService.java:[42,18] cannot find symbol
[ERROR]   symbol:   method setDriver(java.lang.String)
[ERROR]   location: variable transport of type com.careway.entity.Transport
[ERROR] /C:/Users/user/Downloads/BackendCareWay/src/main/java/com/careway/service/TransportService.java:[43,18] cannot find symbol
[ERROR]   symbol:   method setVehicle(java.lang.String)
[ERROR]   location: variable transport of type com.careway.entity.Transport
[ERROR] /C:/Users/user/Downloads/BackendCareWay/src/main/java/com/careway/service/TransportService.java:[44,18] cannot find symbol
[ERROR]   symbol:   method setPhone(java.lang.String)
[ERROR]   location: variable transport of type com.careway.entity.Transport
[ERROR] /C:/Users/user/Downloads/BackendCareWay/src/main/java/com/careway/service/TransportService.java:[45,18] cannot find symbol
[ERROR]   symbol:   method setStatus(java.lang.String)
[ERROR]   location: variable transport of type com.careway.entity.Transport
[ERROR] /C:/Users/user/Downloads/BackendCareWay/src/main/java/com/careway/service/TransportService.java:[56,28] cannot find symbol
[ERROR]   symbol:   method getId()
[ERROR]   location: variable transport of type com.careway.entity.Transport
[ERROR] /C:/Users/user/Downloads/BackendCareWay/src/main/java/com/careway/service/TransportService.java:[57,39] cannot find symbol
[ERROR]   symbol:   method getTransportType()
[ERROR]   location: variable transport of type com.careway.entity.Transport
[ERROR] /C:/Users/user/Downloads/BackendCareWay/src/main/java/com/careway/service/TransportService.java:[58,32] cannot find symbol
[ERROR]   symbol:   method getDriver()
[ERROR]   location: variable transport of type com.careway.entity.Transport
[ERROR] /C:/Users/user/Downloads/BackendCareWay/src/main/java/com/careway/service/TransportService.java:[59,33] cannot find symbol
[ERROR]   symbol:   method getVehicle()
[ERROR]   location: variable transport of type com.careway.entity.Transport
[ERROR] /C:/Users/user/Downloads/BackendCareWay/src/main/java/com/careway/service/TransportService.java:[60,31] cannot find symbol
[ERROR]   symbol:   method getPhone()
[ERROR]   location: variable transport of type com.careway.entity.Transport
[ERROR] /C:/Users/user/Downloads/BackendCareWay/src/main/java/com/careway/service/TransportService.java:[61,32] cannot find symbol
[ERROR]   symbol:   method getStatus()
[ERROR]   location: variable transport of type com.careway.entity.Transport
[ERROR] /C:/Users/user/Downloads/BackendCareWay/src/main/java/com/careway/service/TransportService.java:[67,18] cannot find symbol
[ERROR]   symbol:   method setTransportType(java.lang.String)
[ERROR]   location: variable transport of type com.careway.entity.Transport
[ERROR] /C:/Users/user/Downloads/BackendCareWay/src/main/java/com/careway/service/TransportService.java:[68,18] cannot find symbol
[ERROR]   symbol:   method setDriver(java.lang.String)
[ERROR]   location: variable transport of type com.careway.entity.Transport
[ERROR] /C:/Users/user/Downloads/BackendCareWay/src/main/java/com/careway/service/TransportService.java:[69,18] cannot find symbol
[ERROR]   symbol:   method setVehicle(java.lang.String)
[ERROR]   location: variable transport of type com.careway.entity.Transport
[ERROR] /C:/Users/user/Downloads/BackendCareWay/src/main/java/com/careway/service/TransportService.java:[70,18] cannot find symbol
[ERROR]   symbol:   method setPhone(java.lang.String)
[ERROR]   location: variable transport of type com.careway.entity.Transport
[ERROR] /C:/Users/user/Downloads/BackendCareWay/src/main/java/com/careway/service/TransportService.java:[71,18] cannot find symbol
[ERROR]   symbol:   method setStatus(java.lang.String)
[ERROR]   location: variable transport of type com.careway.entity.Transport
[ERROR] -> [Help 1]
[ERROR] 
[ERROR] To see the full stack trace of the errors, re-run Maven with the -e switch.
[ERROR] Re-run Maven using the -X switch to enable full debug logging.
[ERROR] 
[ERROR] For more information about the errors and possible solutions, please read the following articles:
[ERROR] [Help 1] http://cwiki.apache.org/confluence/display/MAVEN/MojoFailureException
